[20260306_070727] 开始监控任务...
[20260306_070727] 页面大小:  bytes
[20260306_070727] 加载时间: 0.100217s
[20260306_070727] 监控完成
---
[20260306_070806] 开始监控任务...
[20260306_070806] 页面大小:  bytes
[20260306_070806] 加载时间: 0.099497s
[20260306_070806] 监控完成
---
[20260306_070816] 开始监控任务...
[20260306_070816] 页面大小:  bytes
[20260306_070816] 加载时间: 0.098176s
[20260306_070816] 监控完成
---
[20260306_070843] 开始监控任务...
[20260306_070843] ❌ 页面访问失败
[20260306_070843] 监控完成（失败）
---
[20260306_070845] 开始监控任务...
[20260306_070845] ❌ 页面访问失败
[20260306_070845] 监控完成（失败）
---
[20260306_072641] ✅ 定时监控执行成功 - 截图已保存
[20260306_073816] 开始监控任务...
[20260306_073816] 正在使用浏览器截图...
[20260306_073816] ✅ 截图请求已记录: /Users/moutai/.openclaw/workspace/toweroffate_screenshots/toweroffate_20260306_073816.png
[20260306_073816] ℹ️ agent-browser CLI未安装，截图将由OpenClaw Agent异步执行
[20260306_073816] ✅ 监控完成
---
[20260306_080816] 开始监控任务...
[20260306_080816] 正在使用浏览器截图...
[20260306_080816] ✅ 截图请求已记录: /Users/moutai/.openclaw/workspace/toweroffate_screenshots/toweroffate_20260306_080816.png
[20260306_080816] ℹ️ agent-browser CLI未安装，截图将由OpenClaw Agent异步执行
[20260306_080816] ✅ 监控完成
---
[20260306_081643] ✅ 实际截图执行成功
[20260306_081819] ✅ 08:17 监控截图已保存
[20260306_083816] 开始监控任务...
[20260306_083816] 正在使用浏览器截图...
[20260306_083816] ✅ 截图请求已记录: /Users/moutai/.openclaw/workspace/toweroffate_screenshots/toweroffate_20260306_083816.png
[20260306_083816] ℹ️ agent-browser CLI未安装，截图将由OpenClaw Agent异步执行
[20260306_083816] ✅ 监控完成
---
[20260306_090817] 开始监控任务...
[20260306_090817] 正在使用浏览器截图...
[20260306_090817] ✅ 截图请求已记录: /Users/moutai/.openclaw/workspace/toweroffate_screenshots/toweroffate_20260306_090817.png
[20260306_090817] ℹ️ agent-browser CLI未安装，截图将由OpenClaw Agent异步执行
[20260306_090817] ✅ 监控完成
---
[20260306_093817] 开始监控任务...
[20260306_093817] 正在使用浏览器截图...
[20260306_093817] ✅ 截图请求已记录: /Users/moutai/.openclaw/workspace/toweroffate_screenshots/toweroffate_20260306_093817.png
[20260306_093817] ℹ️ agent-browser CLI未安装，截图将由OpenClaw Agent异步执行
[20260306_093817] ✅ 监控完成
---
[20260306_100817] 开始监控任务...
[20260306_100817] 正在使用浏览器截图...
[20260306_100817] ✅ 截图请求已记录: /Users/moutai/.openclaw/workspace/toweroffate_screenshots/toweroffate_20260306_100817.png
[20260306_100817] ℹ️ agent-browser CLI未安装，截图将由OpenClaw Agent异步执行
[20260306_100817] ✅ 监控完成
---
[20260306_103817] 开始监控任务...
[20260306_103817] 正在使用浏览器截图...
[20260306_103817] ✅ 截图请求已记录: /Users/moutai/.openclaw/workspace/toweroffate_screenshots/toweroffate_20260306_103817.png
[20260306_103817] ℹ️ agent-browser CLI未安装，截图将由OpenClaw Agent异步执行
[20260306_103817] ✅ 监控完成
---
[20260306_103826] ⚠️ 截图异常 - 页面可能加载失败
[20260306_103907] ✅ 10:37 监控截图已保存 - 页面正常
[20260306_110817] 开始监控任务...
[20260306_110817] 正在使用浏览器截图...
[20260306_110817] ✅ 截图请求已记录: /Users/moutai/.openclaw/workspace/toweroffate_screenshots/toweroffate_20260306_110817.png
[20260306_110817] ℹ️ agent-browser CLI未安装，截图将由OpenClaw Agent异步执行
[20260306_110817] ✅ 监控完成
---
[20260306_113817] 开始监控任务...
[20260306_113817] 正在使用浏览器截图...
[20260306_113817] ✅ 截图请求已记录: /Users/moutai/.openclaw/workspace/toweroffate_screenshots/toweroffate_20260306_113817.png
[20260306_113817] ℹ️ agent-browser CLI未安装，截图将由OpenClaw Agent异步执行
[20260306_113817] ✅ 监控完成
---
[20260306_120817] 开始监控任务...
[20260306_120817] 正在使用浏览器截图...
[20260306_120817] ✅ 截图请求已记录: /Users/moutai/.openclaw/workspace/toweroffate_screenshots/toweroffate_20260306_120817.png
[20260306_120817] ℹ️ agent-browser CLI未安装，截图将由OpenClaw Agent异步执行
[20260306_120817] ✅ 监控完成
---
[20260306_123817] 开始监控任务...
[20260306_123817] 正在使用浏览器截图...
[20260306_123817] ✅ 截图请求已记录: /Users/moutai/.openclaw/workspace/toweroffate_screenshots/toweroffate_20260306_123817.png
[20260306_123817] ℹ️ agent-browser CLI未安装，截图将由OpenClaw Agent异步执行
[20260306_123817] ✅ 监控完成
---
[20260306_130817] 开始监控任务...
[20260306_130817] 正在使用浏览器截图...
[20260306_130817] ✅ 截图请求已记录: /Users/moutai/.openclaw/workspace/toweroffate_screenshots/toweroffate_20260306_130817.png
[20260306_130817] ℹ️ agent-browser CLI未安装，截图将由OpenClaw Agent异步执行
[20260306_130817] ✅ 监控完成
---
[20260306_133817] 开始监控任务...
[20260306_133817] 正在使用浏览器截图...
[20260306_133817] ✅ 截图请求已记录: /Users/moutai/.openclaw/workspace/toweroffate_screenshots/toweroffate_20260306_133817.png
[20260306_133817] ℹ️ agent-browser CLI未安装，截图将由OpenClaw Agent异步执行
[20260306_133817] ✅ 监控完成
---
[20260306_140817] 开始监控任务...
[20260306_140817] 正在使用浏览器截图...
[20260306_140817] ✅ 截图请求已记录: /Users/moutai/.openclaw/workspace/toweroffate_screenshots/toweroffate_20260306_140817.png
[20260306_140817] ℹ️ agent-browser CLI未安装，截图将由OpenClaw Agent异步执行
[20260306_140817] ✅ 监控完成
---
[20260306_143817] 开始监控任务...
[20260306_143817] 正在使用浏览器截图...
[20260306_143817] ✅ 截图请求已记录: /Users/moutai/.openclaw/workspace/toweroffate_screenshots/toweroffate_20260306_143817.png
[20260306_143817] ℹ️ agent-browser CLI未安装，截图将由OpenClaw Agent异步执行
[20260306_143817] ✅ 监控完成
---
[20260306_150817] 开始监控任务...
[20260306_150817] 正在使用浏览器截图...
[20260306_150817] ✅ 截图请求已记录: /Users/moutai/.openclaw/workspace/toweroffate_screenshots/toweroffate_20260306_150817.png
[20260306_150817] ℹ️ agent-browser CLI未安装，截图将由OpenClaw Agent异步执行
[20260306_150817] ✅ 监控完成
---
[20260306_153817] 开始监控任务...
[20260306_153817] 正在使用浏览器截图...
[20260306_153817] ✅ 截图请求已记录: /Users/moutai/.openclaw/workspace/toweroffate_screenshots/toweroffate_20260306_153817.png
[20260306_153817] ℹ️ agent-browser CLI未安装，截图将由OpenClaw Agent异步执行
[20260306_153817] ✅ 监控完成
---
[20260306_160817] 开始监控任务...
[20260306_160817] 正在使用浏览器截图...
[20260306_160817] ✅ 截图请求已记录: /Users/moutai/.openclaw/workspace/toweroffate_screenshots/toweroffate_20260306_160817.png
[20260306_160817] ℹ️ agent-browser CLI未安装，截图将由OpenClaw Agent异步执行
[20260306_160817] ✅ 监控完成
---
[20260306_163817] 开始监控任务...
[20260306_163817] 正在使用浏览器截图...
[20260306_163817] ✅ 截图请求已记录: /Users/moutai/.openclaw/workspace/toweroffate_screenshots/toweroffate_20260306_163817.png
[20260306_163817] ℹ️ agent-browser CLI未安装，截图将由OpenClaw Agent异步执行
[20260306_163817] ✅ 监控完成
---
[20260306_170818] 开始监控任务...
[20260306_170818] 正在使用浏览器截图...
[20260306_170818] ✅ 截图请求已记录: /Users/moutai/.openclaw/workspace/toweroffate_screenshots/toweroffate_20260306_170818.png
[20260306_170818] ℹ️ agent-browser CLI未安装，截图将由OpenClaw Agent异步执行
[20260306_170818] ✅ 监控完成
---
[20260306_173818] 开始监控任务...
[20260306_173818] 正在使用浏览器截图...
[20260306_173818] ✅ 截图请求已记录: /Users/moutai/.openclaw/workspace/toweroffate_screenshots/toweroffate_20260306_173818.png
[20260306_173818] ℹ️ agent-browser CLI未安装，截图将由OpenClaw Agent异步执行
[20260306_173818] ✅ 监控完成
---
[20260306_180818] 开始监控任务...
[20260306_180818] 正在使用浏览器截图...
[20260306_180818] ✅ 截图请求已记录: /Users/moutai/.openclaw/workspace/toweroffate_screenshots/toweroffate_20260306_180818.png
[20260306_180818] ℹ️ agent-browser CLI未安装，截图将由OpenClaw Agent异步执行
[20260306_180818] ✅ 监控完成
---
[20260306_183818] 开始监控任务...
[20260306_183818] 正在使用浏览器截图...
[20260306_183818] ✅ 截图请求已记录: /Users/moutai/.openclaw/workspace/toweroffate_screenshots/toweroffate_20260306_183818.png
[20260306_183818] ℹ️ agent-browser CLI未安装，截图将由OpenClaw Agent异步执行
[20260306_183818] ✅ 监控完成
---
[20260306_190818] 开始监控任务...
[20260306_190818] 正在使用浏览器截图...
[20260306_190818] ✅ 截图请求已记录: /Users/moutai/.openclaw/workspace/toweroffate_screenshots/toweroffate_20260306_190818.png
[20260306_190818] ℹ️ agent-browser CLI未安装，截图将由OpenClaw Agent异步执行
[20260306_190818] ✅ 监控完成
---
[20260306_193818] 开始监控任务...
[20260306_193818] 正在使用浏览器截图...
[20260306_193818] ✅ 截图请求已记录: /Users/moutai/.openclaw/workspace/toweroffate_screenshots/toweroffate_20260306_193818.png
[20260306_193818] ℹ️ agent-browser CLI未安装，截图将由OpenClaw Agent异步执行
[20260306_193818] ✅ 监控完成
---
[20260306_200818] 开始监控任务...
[20260306_200818] 正在使用浏览器截图...
[20260306_200818] ✅ 截图请求已记录: /Users/moutai/.openclaw/workspace/toweroffate_screenshots/toweroffate_20260306_200818.png
[20260306_200818] ℹ️ agent-browser CLI未安装，截图将由OpenClaw Agent异步执行
[20260306_200818] ✅ 监控完成
---
[20260306_203818] 开始监控任务...
[20260306_203818] 正在使用浏览器截图...
[20260306_203818] ✅ 截图请求已记录: /Users/moutai/.openclaw/workspace/toweroffate_screenshots/toweroffate_20260306_203818.png
[20260306_203818] ℹ️ agent-browser CLI未安装，截图将由OpenClaw Agent异步执行
[20260306_203818] ✅ 监控完成
---
[20260306_210818] 开始监控任务...
[20260306_210818] 正在使用浏览器截图...
[20260306_210818] ✅ 截图请求已记录: /Users/moutai/.openclaw/workspace/toweroffate_screenshots/toweroffate_20260306_210818.png
[20260306_210818] ℹ️ agent-browser CLI未安装，截图将由OpenClaw Agent异步执行
[20260306_210818] ✅ 监控完成
---
[20260306_213818] 开始监控任务...
[20260306_213818] 正在使用浏览器截图...
[20260306_213818] ✅ 截图请求已记录: /Users/moutai/.openclaw/workspace/toweroffate_screenshots/toweroffate_20260306_213818.png
[20260306_213818] ℹ️ agent-browser CLI未安装，截图将由OpenClaw Agent异步执行
[20260306_213818] ✅ 监控完成
---
[20260306_220818] 开始监控任务...
[20260306_220818] 正在使用浏览器截图...
[20260306_220818] ✅ 截图请求已记录: /Users/moutai/.openclaw/workspace/toweroffate_screenshots/toweroffate_20260306_220818.png
[20260306_220818] ℹ️ agent-browser CLI未安装，截图将由OpenClaw Agent异步执行
[20260306_220818] ✅ 监控完成
---
[20260306_223818] 开始监控任务...
[20260306_223818] 正在使用浏览器截图...
[20260306_223818] ✅ 截图请求已记录: /Users/moutai/.openclaw/workspace/toweroffate_screenshots/toweroffate_20260306_223818.png
[20260306_223818] ℹ️ agent-browser CLI未安装，截图将由OpenClaw Agent异步执行
[20260306_223818] ✅ 监控完成
---
[20260306_230818] 开始监控任务...
[20260306_230818] 正在使用浏览器截图...
[20260306_230818] ✅ 截图请求已记录: /Users/moutai/.openclaw/workspace/toweroffate_screenshots/toweroffate_20260306_230818.png
[20260306_230818] ℹ️ agent-browser CLI未安装，截图将由OpenClaw Agent异步执行
[20260306_230818] ✅ 监控完成
---
[20260306_233818] 开始监控任务...
[20260306_233818] 正在使用浏览器截图...
[20260306_233818] ✅ 截图请求已记录: /Users/moutai/.openclaw/workspace/toweroffate_screenshots/toweroffate_20260306_233818.png
[20260306_233818] ℹ️ agent-browser CLI未安装，截图将由OpenClaw Agent异步执行
[20260306_233818] ✅ 监控完成
---
[20260307_000819] 开始监控任务...
[20260307_000819] 正在使用浏览器截图...
[20260307_000819] ✅ 截图请求已记录: /Users/moutai/.openclaw/workspace/toweroffate_screenshots/toweroffate_20260307_000819.png
[20260307_000819] ℹ️ agent-browser CLI未安装，截图将由OpenClaw Agent异步执行
[20260307_000819] ✅ 监控完成
---
[20260307_003819] 开始监控任务...
[20260307_003819] 正在使用浏览器截图...
[20260307_003819] ✅ 截图请求已记录: /Users/moutai/.openclaw/workspace/toweroffate_screenshots/toweroffate_20260307_003819.png
[20260307_003819] ℹ️ agent-browser CLI未安装，截图将由OpenClaw Agent异步执行
[20260307_003819] ✅ 监控完成
---
[20260307_010819] 开始监控任务...
[20260307_010819] 正在使用浏览器截图...
[20260307_010819] ✅ 截图请求已记录: /Users/moutai/.openclaw/workspace/toweroffate_screenshots/toweroffate_20260307_010819.png
[20260307_010819] ℹ️ agent-browser CLI未安装，截图将由OpenClaw Agent异步执行
[20260307_010819] ✅ 监控完成
---
[20260307_013819] 开始监控任务...
[20260307_013819] 正在使用浏览器截图...
[20260307_013819] ✅ 截图请求已记录: /Users/moutai/.openclaw/workspace/toweroffate_screenshots/toweroffate_20260307_013819.png
[20260307_013819] ℹ️ agent-browser CLI未安装，截图将由OpenClaw Agent异步执行
[20260307_013819] ✅ 监控完成
---
[20260307_020819] 开始监控任务...
[20260307_020819] 正在使用浏览器截图...
[20260307_020819] ✅ 截图请求已记录: /Users/moutai/.openclaw/workspace/toweroffate_screenshots/toweroffate_20260307_020819.png
[20260307_020819] ℹ️ agent-browser CLI未安装，截图将由OpenClaw Agent异步执行
[20260307_020819] ✅ 监控完成
---
[20260307_023819] 开始监控任务...
[20260307_023819] 正在使用浏览器截图...
[20260307_023819] ✅ 截图请求已记录: /Users/moutai/.openclaw/workspace/toweroffate_screenshots/toweroffate_20260307_023819.png
[20260307_023819] ℹ️ agent-browser CLI未安装，截图将由OpenClaw Agent异步执行
[20260307_023819] ✅ 监控完成
---
[20260307_030819] 开始监控任务...
[20260307_030819] 正在使用浏览器截图...
[20260307_030819] ✅ 截图请求已记录: /Users/moutai/.openclaw/workspace/toweroffate_screenshots/toweroffate_20260307_030819.png
[20260307_030819] ℹ️ agent-browser CLI未安装，截图将由OpenClaw Agent异步执行
[20260307_030819] ✅ 监控完成
---
[20260307_033819] 开始监控任务...
[20260307_033819] 正在使用浏览器截图...
[20260307_033819] ✅ 截图请求已记录: /Users/moutai/.openclaw/workspace/toweroffate_screenshots/toweroffate_20260307_033819.png
[20260307_033819] ℹ️ agent-browser CLI未安装，截图将由OpenClaw Agent异步执行
[20260307_033819] ✅ 监控完成
---
[20260307_040819] 开始监控任务...
[20260307_040819] 正在使用浏览器截图...
[20260307_040819] ✅ 截图请求已记录: /Users/moutai/.openclaw/workspace/toweroffate_screenshots/toweroffate_20260307_040819.png
[20260307_040819] ℹ️ agent-browser CLI未安装，截图将由OpenClaw Agent异步执行
[20260307_040819] ✅ 监控完成
---
[20260307_043819] 开始监控任务...
[20260307_043819] 正在使用浏览器截图...
[20260307_043819] ✅ 截图请求已记录: /Users/moutai/.openclaw/workspace/toweroffate_screenshots/toweroffate_20260307_043819.png
[20260307_043819] ℹ️ agent-browser CLI未安装，截图将由OpenClaw Agent异步执行
[20260307_043819] ✅ 监控完成
---
[20260307_050819] 开始监控任务...
[20260307_050819] 正在使用浏览器截图...
[20260307_050819] ✅ 截图请求已记录: /Users/moutai/.openclaw/workspace/toweroffate_screenshots/toweroffate_20260307_050819.png
[20260307_050819] ℹ️ agent-browser CLI未安装，截图将由OpenClaw Agent异步执行
[20260307_050819] ✅ 监控完成
---
[20260307_053820] 开始监控任务...
[20260307_053820] 正在使用浏览器截图...
[20260307_053820] ✅ 截图请求已记录: /Users/moutai/.openclaw/workspace/toweroffate_screenshots/toweroffate_20260307_053820.png
[20260307_053820] ℹ️ agent-browser CLI未安装，截图将由OpenClaw Agent异步执行
[20260307_053820] ✅ 监控完成
---
[20260307_060820] 开始监控任务...
[20260307_060820] 正在使用浏览器截图...
[20260307_060820] ✅ 截图请求已记录: /Users/moutai/.openclaw/workspace/toweroffate_screenshots/toweroffate_20260307_060820.png
[20260307_060820] ℹ️ agent-browser CLI未安装，截图将由OpenClaw Agent异步执行
[20260307_060820] ✅ 监控完成
---
[20260307_063820] 开始监控任务...
[20260307_063820] 正在使用浏览器截图...
[20260307_063820] ✅ 截图请求已记录: /Users/moutai/.openclaw/workspace/toweroffate_screenshots/toweroffate_20260307_063820.png
[20260307_063820] ℹ️ agent-browser CLI未安装，截图将由OpenClaw Agent异步执行
[20260307_063820] ✅ 监控完成
---
[20260307_070820] 开始监控任务...
[20260307_070820] 正在使用浏览器截图...
[20260307_070820] ✅ 截图请求已记录: /Users/moutai/.openclaw/workspace/toweroffate_screenshots/toweroffate_20260307_070820.png
[20260307_070820] ℹ️ agent-browser CLI未安装，截图将由OpenClaw Agent异步执行
[20260307_070820] ✅ 监控完成
---
[20260307_073820] 开始监控任务...
[20260307_073820] 正在使用浏览器截图...
[20260307_073820] ✅ 截图请求已记录: /Users/moutai/.openclaw/workspace/toweroffate_screenshots/toweroffate_20260307_073820.png
[20260307_073820] ℹ️ agent-browser CLI未安装，截图将由OpenClaw Agent异步执行
[20260307_073820] ✅ 监控完成
---
[20260307_080820] 开始监控任务...
[20260307_080820] 正在使用浏览器截图...
[20260307_080820] ✅ 截图请求已记录: /Users/moutai/.openclaw/workspace/toweroffate_screenshots/toweroffate_20260307_080820.png
[20260307_080820] ℹ️ agent-browser CLI未安装，截图将由OpenClaw Agent异步执行
[20260307_080820] ✅ 监控完成
---
[20260307_083820] 开始监控任务...
[20260307_083820] 正在使用浏览器截图...
[20260307_083820] ✅ 截图请求已记录: /Users/moutai/.openclaw/workspace/toweroffate_screenshots/toweroffate_20260307_083820.png
[20260307_083820] ℹ️ agent-browser CLI未安装，截图将由OpenClaw Agent异步执行
[20260307_083820] ✅ 监控完成
---
[20260307_090820] 开始监控任务...
[20260307_090820] 正在使用浏览器截图...
[20260307_090820] ✅ 截图请求已记录: /Users/moutai/.openclaw/workspace/toweroffate_screenshots/toweroffate_20260307_090820.png
[20260307_090820] ℹ️ agent-browser CLI未安装，截图将由OpenClaw Agent异步执行
[20260307_090820] ✅ 监控完成
---
[20260307_093820] 开始监控任务...
[20260307_093820] 正在使用浏览器截图...
[20260307_093820] ✅ 截图请求已记录: /Users/moutai/.openclaw/workspace/toweroffate_screenshots/toweroffate_20260307_093820.png
[20260307_093820] ℹ️ agent-browser CLI未安装，截图将由OpenClaw Agent异步执行
[20260307_093820] ✅ 监控完成
---
[20260307_100820] 开始监控任务...
[20260307_100820] 正在使用浏览器截图...
[20260307_100820] ✅ 截图请求已记录: /Users/moutai/.openclaw/workspace/toweroffate_screenshots/toweroffate_20260307_100820.png
[20260307_100820] ℹ️ agent-browser CLI未安装，截图将由OpenClaw Agent异步执行
[20260307_100820] ✅ 监控完成
---
[20260307_103820] 开始监控任务...
[20260307_103820] 正在使用浏览器截图...
[20260307_103820] ✅ 截图请求已记录: /Users/moutai/.openclaw/workspace/toweroffate_screenshots/toweroffate_20260307_103820.png
[20260307_103820] ℹ️ agent-browser CLI未安装，截图将由OpenClaw Agent异步执行
[20260307_103820] ✅ 监控完成
---
[20260307_110820] 开始监控任务...
[20260307_110820] 正在使用浏览器截图...
[20260307_110820] ✅ 截图请求已记录: /Users/moutai/.openclaw/workspace/toweroffate_screenshots/toweroffate_20260307_110820.png
[20260307_110820] ℹ️ agent-browser CLI未安装，截图将由OpenClaw Agent异步执行
[20260307_110820] ✅ 监控完成
---
[20260307_113820] 开始监控任务...
[20260307_113820] 正在使用浏览器截图...
[20260307_113820] ✅ 截图请求已记录: /Users/moutai/.openclaw/workspace/toweroffate_screenshots/toweroffate_20260307_113820.png
[20260307_113820] ℹ️ agent-browser CLI未安装，截图将由OpenClaw Agent异步执行
[20260307_113820] ✅ 监控完成
---
[20260307_120820] 开始监控任务...
[20260307_120820] 正在使用浏览器截图...
[20260307_120820] ✅ 截图请求已记录: /Users/moutai/.openclaw/workspace/toweroffate_screenshots/toweroffate_20260307_120820.png
[20260307_120820] ℹ️ agent-browser CLI未安装，截图将由OpenClaw Agent异步执行
[20260307_120820] ✅ 监控完成
---
[20260307_123820] 开始监控任务...
[20260307_123820] 正在使用浏览器截图...
[20260307_123820] ✅ 截图请求已记录: /Users/moutai/.openclaw/workspace/toweroffate_screenshots/toweroffate_20260307_123820.png
[20260307_123820] ℹ️ agent-browser CLI未安装，截图将由OpenClaw Agent异步执行
[20260307_123820] ✅ 监控完成
---
[20260307_130820] 开始监控任务...
[20260307_130820] 正在使用浏览器截图...
[20260307_130820] ✅ 截图请求已记录: /Users/moutai/.openclaw/workspace/toweroffate_screenshots/toweroffate_20260307_130820.png
[20260307_130820] ℹ️ agent-browser CLI未安装，截图将由OpenClaw Agent异步执行
[20260307_130820] ✅ 监控完成
---
[20260307_133821] 开始监控任务...
[20260307_133821] 正在使用浏览器截图...
[20260307_133821] ✅ 截图请求已记录: /Users/moutai/.openclaw/workspace/toweroffate_screenshots/toweroffate_20260307_133821.png
[20260307_133821] ℹ️ agent-browser CLI未安装，截图将由OpenClaw Agent异步执行
[20260307_133821] ✅ 监控完成
---
[20260307_140821] 开始监控任务...
[20260307_140821] 正在使用浏览器截图...
[20260307_140821] ✅ 截图请求已记录: /Users/moutai/.openclaw/workspace/toweroffate_screenshots/toweroffate_20260307_140821.png
[20260307_140821] ℹ️ agent-browser CLI未安装，截图将由OpenClaw Agent异步执行
[20260307_140821] ✅ 监控完成
---
[20260307_143821] 开始监控任务...
[20260307_143821] 正在使用浏览器截图...
[20260307_143821] ✅ 截图请求已记录: /Users/moutai/.openclaw/workspace/toweroffate_screenshots/toweroffate_20260307_143821.png
[20260307_143821] ℹ️ agent-browser CLI未安装，截图将由OpenClaw Agent异步执行
[20260307_143821] ✅ 监控完成
---
[20260307_150821] 开始监控任务...
[20260307_150821] 正在使用浏览器截图...
[20260307_150821] ✅ 截图请求已记录: /Users/moutai/.openclaw/workspace/toweroffate_screenshots/toweroffate_20260307_150821.png
[20260307_150821] ℹ️ agent-browser CLI未安装，截图将由OpenClaw Agent异步执行
[20260307_150821] ✅ 监控完成
---
[20260307_153821] 开始监控任务...
[20260307_153821] 正在使用浏览器截图...
[20260307_153821] ✅ 截图请求已记录: /Users/moutai/.openclaw/workspace/toweroffate_screenshots/toweroffate_20260307_153821.png
[20260307_153821] ℹ️ agent-browser CLI未安装，截图将由OpenClaw Agent异步执行
[20260307_153821] ✅ 监控完成
---
[20260307_160821] 开始监控任务...
[20260307_160821] 正在使用浏览器截图...
[20260307_160821] ✅ 截图请求已记录: /Users/moutai/.openclaw/workspace/toweroffate_screenshots/toweroffate_20260307_160821.png
[20260307_160821] ℹ️ agent-browser CLI未安装，截图将由OpenClaw Agent异步执行
[20260307_160821] ✅ 监控完成
---
[20260307_163821] 开始监控任务...
[20260307_163821] 正在使用浏览器截图...
[20260307_163821] ✅ 截图请求已记录: /Users/moutai/.openclaw/workspace/toweroffate_screenshots/toweroffate_20260307_163821.png
[20260307_163821] ℹ️ agent-browser CLI未安装，截图将由OpenClaw Agent异步执行
[20260307_163821] ✅ 监控完成
---
[20260307_170821] 开始监控任务...
[20260307_170821] 正在使用浏览器截图...
[20260307_170821] ✅ 截图请求已记录: /Users/moutai/.openclaw/workspace/toweroffate_screenshots/toweroffate_20260307_170821.png
[20260307_170821] ℹ️ agent-browser CLI未安装，截图将由OpenClaw Agent异步执行
[20260307_170821] ✅ 监控完成
---
[20260307_173821] 开始监控任务...
[20260307_173821] 正在使用浏览器截图...
[20260307_173821] ✅ 截图请求已记录: /Users/moutai/.openclaw/workspace/toweroffate_screenshots/toweroffate_20260307_173821.png
[20260307_173821] ℹ️ agent-browser CLI未安装，截图将由OpenClaw Agent异步执行
[20260307_173821] ✅ 监控完成
---
[20260307_180821] 开始监控任务...
[20260307_180821] 正在使用浏览器截图...
[20260307_180821] ✅ 截图请求已记录: /Users/moutai/.openclaw/workspace/toweroffate_screenshots/toweroffate_20260307_180821.png
[20260307_180821] ℹ️ agent-browser CLI未安装，截图将由OpenClaw Agent异步执行
[20260307_180821] ✅ 监控完成
---
[20260307_183821] 开始监控任务...
[20260307_183821] 正在使用浏览器截图...
[20260307_183821] ✅ 截图请求已记录: /Users/moutai/.openclaw/workspace/toweroffate_screenshots/toweroffate_20260307_183821.png
[20260307_183821] ℹ️ agent-browser CLI未安装，截图将由OpenClaw Agent异步执行
[20260307_183821] ✅ 监控完成
---
[20260307_190821] 开始监控任务...
[20260307_190821] 正在使用浏览器截图...
[20260307_190821] ✅ 截图请求已记录: /Users/moutai/.openclaw/workspace/toweroffate_screenshots/toweroffate_20260307_190821.png
[20260307_190821] ℹ️ agent-browser CLI未安装，截图将由OpenClaw Agent异步执行
[20260307_190821] ✅ 监控完成
---
[20260307_193821] 开始监控任务...
[20260307_193821] 正在使用浏览器截图...
[20260307_193821] ✅ 截图请求已记录: /Users/moutai/.openclaw/workspace/toweroffate_screenshots/toweroffate_20260307_193821.png
[20260307_193821] ℹ️ agent-browser CLI未安装，截图将由OpenClaw Agent异步执行
[20260307_193821] ✅ 监控完成
---
[20260307_200821] 开始监控任务...
[20260307_200821] 正在使用浏览器截图...
[20260307_200821] ✅ 截图请求已记录: /Users/moutai/.openclaw/workspace/toweroffate_screenshots/toweroffate_20260307_200821.png
[20260307_200821] ℹ️ agent-browser CLI未安装，截图将由OpenClaw Agent异步执行
[20260307_200821] ✅ 监控完成
---
[20260307_203822] 开始监控任务...
[20260307_203822] 正在使用浏览器截图...
[20260307_203822] ✅ 截图请求已记录: /Users/moutai/.openclaw/workspace/toweroffate_screenshots/toweroffate_20260307_203822.png
[20260307_203822] ℹ️ agent-browser CLI未安装，截图将由OpenClaw Agent异步执行
[20260307_203822] ✅ 监控完成
---
[20260307_210822] 开始监控任务...
[20260307_210822] 正在使用浏览器截图...
[20260307_210822] ✅ 截图请求已记录: /Users/moutai/.openclaw/workspace/toweroffate_screenshots/toweroffate_20260307_210822.png
[20260307_210822] ℹ️ agent-browser CLI未安装，截图将由OpenClaw Agent异步执行
[20260307_210822] ✅ 监控完成
---
[20260307_213822] 开始监控任务...
[20260307_213822] 正在使用浏览器截图...
[20260307_213822] ✅ 截图请求已记录: /Users/moutai/.openclaw/workspace/toweroffate_screenshots/toweroffate_20260307_213822.png
[20260307_213822] ℹ️ agent-browser CLI未安装，截图将由OpenClaw Agent异步执行
[20260307_213822] ✅ 监控完成
---
[20260307_220822] 开始监控任务...
[20260307_220822] 正在使用浏览器截图...
[20260307_220822] ✅ 截图请求已记录: /Users/moutai/.openclaw/workspace/toweroffate_screenshots/toweroffate_20260307_220822.png
[20260307_220822] ℹ️ agent-browser CLI未安装，截图将由OpenClaw Agent异步执行
[20260307_220822] ✅ 监控完成
---
[20260307_223822] 开始监控任务...
[20260307_223822] 正在使用浏览器截图...
[20260307_223822] ✅ 截图请求已记录: /Users/moutai/.openclaw/workspace/toweroffate_screenshots/toweroffate_20260307_223822.png
[20260307_223822] ℹ️ agent-browser CLI未安装，截图将由OpenClaw Agent异步执行
[20260307_223822] ✅ 监控完成
---
[20260307_230822] 开始监控任务...
[20260307_230822] 正在使用浏览器截图...
[20260307_230822] ✅ 截图请求已记录: /Users/moutai/.openclaw/workspace/toweroffate_screenshots/toweroffate_20260307_230822.png
[20260307_230822] ℹ️ agent-browser CLI未安装，截图将由OpenClaw Agent异步执行
[20260307_230822] ✅ 监控完成
---
[20260307_233822] 开始监控任务...
[20260307_233822] 正在使用浏览器截图...
[20260307_233822] ✅ 截图请求已记录: /Users/moutai/.openclaw/workspace/toweroffate_screenshots/toweroffate_20260307_233822.png
[20260307_233822] ℹ️ agent-browser CLI未安装，截图将由OpenClaw Agent异步执行
[20260307_233822] ✅ 监控完成
---
[20260308_000822] 开始监控任务...
[20260308_000822] 正在使用浏览器截图...
[20260308_000822] ✅ 截图请求已记录: /Users/moutai/.openclaw/workspace/toweroffate_screenshots/toweroffate_20260308_000822.png
[20260308_000822] ℹ️ agent-browser CLI未安装，截图将由OpenClaw Agent异步执行
[20260308_000822] ✅ 监控完成
---
[20260308_003822] 开始监控任务...
[20260308_003822] 正在使用浏览器截图...
[20260308_003822] ✅ 截图请求已记录: /Users/moutai/.openclaw/workspace/toweroffate_screenshots/toweroffate_20260308_003822.png
[20260308_003822] ℹ️ agent-browser CLI未安装，截图将由OpenClaw Agent异步执行
[20260308_003822] ✅ 监控完成
---
[20260308_010822] 开始监控任务...
[20260308_010822] 正在使用浏览器截图...
[20260308_010822] ✅ 截图请求已记录: /Users/moutai/.openclaw/workspace/toweroffate_screenshots/toweroffate_20260308_010822.png
[20260308_010822] ℹ️ agent-browser CLI未安装，截图将由OpenClaw Agent异步执行
[20260308_010822] ✅ 监控完成
---
